------------------------------------------------------------
TimeQuest Timing Analyzer Summary
------------------------------------------------------------

Type  : Slow 1200mV 85C Model Setup 'opCode[1]'
Slack : -3.228
TNS   : -89.714

Type  : Slow 1200mV 85C Model Setup 'opCode[0]'
Slack : -3.140
TNS   : -83.758

Type  : Slow 1200mV 85C Model Hold 'opCode[0]'
Slack : -0.259
TNS   : -0.259

Type  : Slow 1200mV 85C Model Hold 'opCode[1]'
Slack : -0.185
TNS   : -0.185

Type  : Slow 1200mV 85C Model Minimum Pulse Width 'opCode[0]'
Slack : -3.000
TNS   : -3.000

Type  : Slow 1200mV 85C Model Minimum Pulse Width 'opCode[1]'
Slack : -3.000
TNS   : -3.000

Type  : Slow 1200mV 0C Model Setup 'opCode[1]'
Slack : -2.865
TNS   : -79.116

Type  : Slow 1200mV 0C Model Setup 'opCode[0]'
Slack : -2.786
TNS   : -74.027

Type  : Slow 1200mV 0C Model Hold 'opCode[0]'
Slack : -0.187
TNS   : -0.187

Type  : Slow 1200mV 0C Model Hold 'opCode[1]'
Slack : -0.124
TNS   : -0.124

Type  : Slow 1200mV 0C Model Minimum Pulse Width 'opCode[0]'
Slack : -3.000
TNS   : -3.000

Type  : Slow 1200mV 0C Model Minimum Pulse Width 'opCode[1]'
Slack : -3.000
TNS   : -3.000

Type  : Fast 1200mV 0C Model Setup 'opCode[1]'
Slack : -1.896
TNS   : -54.413

Type  : Fast 1200mV 0C Model Setup 'opCode[0]'
Slack : -1.823
TNS   : -51.914

Type  : Fast 1200mV 0C Model Hold 'opCode[0]'
Slack : -0.270
TNS   : -0.270

Type  : Fast 1200mV 0C Model Hold 'opCode[1]'
Slack : -0.255
TNS   : -0.255

Type  : Fast 1200mV 0C Model Minimum Pulse Width 'opCode[1]'
Slack : -3.000
TNS   : -3.130

Type  : Fast 1200mV 0C Model Minimum Pulse Width 'opCode[0]'
Slack : -3.000
TNS   : -3.000

------------------------------------------------------------
