------------------------------------------------------------
TimeQuest Timing Analyzer Summary
------------------------------------------------------------

Type  : Slow 1200mV 85C Model Setup 'InstructionsMemory:instructionsMemory|q[27]'
Slack : -107.645
TNS   : -1764.463

Type  : Slow 1200mV 85C Model Setup 'clock'
Slack : -8.069
TNS   : -441.773

Type  : Slow 1200mV 85C Model Hold 'InstructionsMemory:instructionsMemory|q[27]'
Slack : -0.052
TNS   : -0.059

Type  : Slow 1200mV 85C Model Hold 'clock'
Slack : 0.356
TNS   : 0.000

Type  : Slow 1200mV 85C Model Minimum Pulse Width 'clock'
Slack : -3.000
TNS   : -197.784

Type  : Slow 1200mV 85C Model Minimum Pulse Width 'InstructionsMemory:instructionsMemory|q[27]'
Slack : 0.378
TNS   : 0.000

Type  : Slow 1200mV 0C Model Setup 'InstructionsMemory:instructionsMemory|q[27]'
Slack : -96.025
TNS   : -1577.286

Type  : Slow 1200mV 0C Model Setup 'clock'
Slack : -7.196
TNS   : -388.564

Type  : Slow 1200mV 0C Model Hold 'InstructionsMemory:instructionsMemory|q[27]'
Slack : -0.061
TNS   : -0.061

Type  : Slow 1200mV 0C Model Hold 'clock'
Slack : 0.311
TNS   : 0.000

Type  : Slow 1200mV 0C Model Minimum Pulse Width 'clock'
Slack : -3.000
TNS   : -197.784

Type  : Slow 1200mV 0C Model Minimum Pulse Width 'InstructionsMemory:instructionsMemory|q[27]'
Slack : 0.430
TNS   : 0.000

Type  : Fast 1200mV 0C Model Setup 'InstructionsMemory:instructionsMemory|q[27]'
Slack : -60.761
TNS   : -982.208

Type  : Fast 1200mV 0C Model Setup 'clock'
Slack : -3.987
TNS   : -194.640

Type  : Fast 1200mV 0C Model Hold 'InstructionsMemory:instructionsMemory|q[27]'
Slack : -0.073
TNS   : -0.197

Type  : Fast 1200mV 0C Model Hold 'clock'
Slack : 0.184
TNS   : 0.000

Type  : Fast 1200mV 0C Model Minimum Pulse Width 'clock'
Slack : -3.000
TNS   : -192.998

Type  : Fast 1200mV 0C Model Minimum Pulse Width 'InstructionsMemory:instructionsMemory|q[27]'
Slack : 0.292
TNS   : 0.000

------------------------------------------------------------
